// Jest Snapshot v1, https://goo.gl/fbAQLP

exports[`sdelay sd 1`] = `
[
  "1",
  "2",
]
`;
